
Running 1 test using 1 worker

[1A[2K[1/1] [chromium] › e2e\home.spec.ts:3:1 › Homepage loads and core sections are visible
[1A[2K  1) [chromium] › e2e\home.spec.ts:3:1 › Homepage loads and core sections are visible ──────────────

    Error: [2mexpect([22m[31mlocator[39m[2m).[22mtoBeAttached[2m([22m[2m)[22m failed

    Locator: getByText('SaaS', { exact: true })
    Expected: attached
    Timeout: 15000ms
    Error: element(s) not found

    Call log:
    [2m  - Expect "toBeAttached" with timeout 15000ms[22m
    [2m  - waiting for getByText('SaaS', { exact: true })[22m


       8 |     // We use `toBeAttached()` instead of `toBeVisible()` because headless environments 
       9 |     // throttle requestAnimationFrame, which freezes the canvas loader and keeps opacity at 0.
    > 10 |     await expect(page.getByText('SaaS', { exact: true })).toBeAttached({ timeout: 15000 });
         |                                                           ^
      11 |
      12 |     // The CTA should be in the DOM. We use toBeAttached to respect the auto-hiding scroll feature.
      13 |     const ctaButton = page.getByRole('button', { name: /Schedule a Meeting/i }).first();
        at C:\Users\Adnan\Desktop\Orbit_SaaS\e2e\home.spec.ts:10:59


[1A[2K  1 failed
    [chromium] › e2e\home.spec.ts:3:1 › Homepage loads and core sections are visible ───────────────

[36m  Serving HTML report at http://localhost:58830. Press Ctrl+C to quit.[39m
