
Running 1 test using 1 worker

[1A[2K[1/1] [chromium] › e2e\home.spec.ts:3:1 › Homepage loads and core sections are visible
[1A[2K  1) [chromium] › e2e\home.spec.ts:3:1 › Homepage loads and core sections are visible ──────────────

    Error: [2mexpect([22m[31mlocator[39m[2m).[22mtoBeVisible[2m([22m[2m)[22m failed

    Locator: locator('span:has-text("SaaS")').first()
    Expected: visible
    Timeout: 5000ms
    Error: element(s) not found

    Call log:
    [2m  - Expect "toBeVisible" with timeout 5000ms[22m
    [2m  - waiting for locator('span:has-text("SaaS")').first()[22m


       7 |
       8 |     // Check for the main hero element
    >  9 |     await expect(page.locator('span:has-text("SaaS")').first()).toBeVisible();
         |                                                                 ^
      10 |
      11 |     // The CTA should be visible
      12 |     const ctaButton = page.locator('text="Schedule a Meeting"').first();
        at C:\Users\Adnan\Desktop\Orbit_SaaS\e2e\home.spec.ts:9:65


[1A[2K  1 failed
    [chromium] › e2e\home.spec.ts:3:1 › Homepage loads and core sections are visible ───────────────

[36m  Serving HTML report at http://localhost:58964. Press Ctrl+C to quit.[39m
